
Memory Configuration

Name             Origin             Length             Attributes
*default*        0x00000000         0xffffffff

Linker script and memory map

                0x00000000                . = 0x0

.start          0x00000000      0x180
 start*(.text)
 .text          0x00000000      0x180 start.o
                0x00000000                start
                0x0000004c                _jump_to_program
                0x00000094                _core_status

.text           0x00000180     0x1154
 *(.text)
 .text          0x00000180      0x1a4 memtest.o
                0x00000180                memTestDataBus
                0x000001a4                memTestAddressBus
                0x00000274                memTestDevice1
                0x000002c4                memTestDevice2
 .text          0x00000324      0x210 newmain.o
                0x000004c8                long_to_hex_string
 .text          0x00000534      0x448 ../mini-libc/printf.o
                0x00000534                outbyte
                0x00000554                prints
                0x00000630                printi
                0x00000770                print
                0x00000924                printf
                0x00000950                sprintf
 .text          0x0000097c      0x480 ../mini-libc/libc_asm.o
                0x0000097c                _testfail
                0x00000988                _testpass
                0x00000998                _outbyte
                0x000009b8                _inbyte
                0x000009e8                __aeabi_idiv
                0x000009e8                _div
                0x00000a6c                strcpy
                0x00000b70                strcmp
                0x00000d68                init_malloc
                0x00000d74                malloc
                0x00000d88                strncpy
                0x00000dac                strncmp
 .text          0x00000dfc      0x4d8 ../mini-libc/memcpy.o
                0x00000dfc                memcpy

.glue_7         0x000012d4        0x0
 .glue_7        0x00000000        0x0 linker stubs

.glue_7t        0x000012d4        0x0
 .glue_7t       0x00000000        0x0 linker stubs

.vfp11_veneer   0x000012d4        0x0
 .vfp11_veneer  0x00000000        0x0 linker stubs

.v4_bx          0x000012d4        0x0
 .v4_bx         0x00000000        0x0 linker stubs

.text.startup   0x000012d4       0xfc
 .text.startup  0x000012d4       0xfc newmain.o
                0x000012d4                main

.iplt           0x000013d0        0x0
 .iplt          0x00000000        0x0 newmain.o

.rodata         0x000013d0        0xa
 *(.rodata)
 .rodata        0x000013d0        0xa newmain.o

.rodata.str1.1  0x000013da       0x9b
 .rodata.str1.1
                0x000013da       0x94 newmain.o
                                 0x97 (size before relaxing)
 .rodata.str1.1
                0x0000146e        0x7 ../mini-libc/printf.o

.rel.dyn        0x00001478        0x0
 .rel.iplt      0x00000000        0x0 newmain.o

.data           0x00001475        0x0
 *(.data)
 .data          0x00001475        0x0 memtest.o
 .data          0x00001475        0x0 newmain.o
 .data          0x00001475        0x0 start.o
 .data          0x00001475        0x0 ../mini-libc/printf.o
 .data          0x00001475        0x0 ../mini-libc/libc_asm.o
 .data          0x00001475        0x0 ../mini-libc/memcpy.o

.igot.plt       0x00001478        0x0
 .igot.plt      0x00000000        0x0 newmain.o

.bss            0x00001475        0x0
 *(.bss)
 .bss           0x00001475        0x0 memtest.o
 .bss           0x00001475        0x0 newmain.o
 .bss           0x00001475        0x0 start.o
 .bss           0x00001475        0x0 ../mini-libc/printf.o
 .bss           0x00001475        0x0 ../mini-libc/libc_asm.o
 .bss           0x00001475        0x0 ../mini-libc/memcpy.o

.stack          0x00001475        0x0
                0x00001475                __stack = .
LOAD memtest.o
LOAD newmain.o
LOAD start.o
LOAD ../mini-libc/printf.o
LOAD ../mini-libc/libc_asm.o
LOAD ../mini-libc/memcpy.o
OUTPUT(memtest.elf elf32-littlearm)

.comment        0x00000000       0x30
 .comment       0x00000000       0x30 memtest.o
                                 0x31 (size before relaxing)
 .comment       0x00000000       0x31 newmain.o
 .comment       0x00000000       0x31 ../mini-libc/printf.o
 .comment       0x00000000       0x31 ../mini-libc/memcpy.o

.note.GNU-stack
                0x00000000        0x0
 .note.GNU-stack
                0x00000000        0x0 memtest.o
 .note.GNU-stack
                0x00000000        0x0 newmain.o
 .note.GNU-stack
                0x00000000        0x0 ../mini-libc/printf.o
 .note.GNU-stack
                0x00000000        0x0 ../mini-libc/memcpy.o

.ARM.attributes
                0x00000000       0x29
 .ARM.attributes
                0x00000000       0x28 memtest.o
 .ARM.attributes
                0x00000028       0x28 newmain.o
 .ARM.attributes
                0x00000050       0x1b start.o
 .ARM.attributes
                0x0000006b       0x28 ../mini-libc/printf.o
 .ARM.attributes
                0x00000093       0x1b ../mini-libc/libc_asm.o
 .ARM.attributes
                0x000000ae       0x28 ../mini-libc/memcpy.o
